I'm sorry, but errors were detected in your script. Please correct the
errors listed below, and try again.


File "game/script.rpy", line 203: expected simple expression
    play sound "audio/background_sound_peoples.mp3" fadein
                                                          ^

Ren'Py Version: Ren'Py 8.1.3.23091805
Tue Feb 20 18:03:22 2024
